
> my-portfolio@0.1.0 build
> next build

  Γû▓ Next.js 14.2.35
  - Environments: .env

   Creating an optimized production build ...
 Γ£ô Compiled successfully
   Linting and checking validity of types ...
node.exe : 
At C:\Program 
Files\nodejs\npm.ps1:29 
char:3
+   & $NODE_EXE 
$NPM_CLI_JS $args
+   ~~~~~~~~~~~~~~~~~~~~~~~
~~~~~~
    + CategoryInfo         
     : NotSpecified: (:St  
  ring) [], RemoteExcept   
 ion
    + FullyQualifiedErrorI 
   d : NativeCommandError
 
Failed to compile.

./app/blog/components/BlogG
allery.tsx
120:17  Warning: Using 
`<img>` could result in 
slower LCP and higher 
bandwidth. Consider using 
`<Image />` from 
`next/image` to 
automatically optimize 
images. This may incur 
additional usage or cost 
from your provider. See: ht
tps://nextjs.org/docs/messa
ges/no-img-element  
@next/next/no-img-element

./app/not-found.tsx
81:25  Error: `'` can be 
escaped with `&apos;`, 
`&lsquo;`, `&#39;`, 
`&rsquo;`.  
react/no-unescaped-entities
81:75  Error: `'` can be 
escaped with `&apos;`, 
`&lsquo;`, `&#39;`, 
`&rsquo;`.  
react/no-unescaped-entities

info  - Need to disable 
some ESLint rules? Learn 
more here: https://nextjs.o
rg/docs/basic-features/esli
nt#disabling-rules
